https://github.com/vikas99341/k8s-masterclass/blob/main/security/RBAC/RBAC-cmd
https://github.com/vikas99341/k8s-masterclass
How To Reset Jenkins Admin Password (youtube.com)
https://github.com/vikas99341/tomcat-demo/blob/main/Commands
https://github.com/vikas99341/tomcat-eve-demo
DevOps Project 2 | DevOps Project | GitHub+Jenkins+Terraform+Ansible+EC2 (youtube.com)
Jenkins Installation: https://www.shubhammishra.in/2021/12/... Terraform Installation: https://www.shubhammishra.in/2022/12/... Helm Installation: https://www.shubhammishra.in/2022/12/... GitHub Repo: https://github.com/shubhamm45/DevOps-... Website: https://www.shubhammishra.in/ #devops project #aws project #terraform project #kubernetes project
DevOps Project - YouTube
Jenkins CI/CD Pipeline - SonarQube, Docker, Github Webhooks on AWS | Resume Project | English (youtube.com)
 
[root@tomcat-server tomcat]# cd ..
[root@tomcat-server opt]# ls -l
total 16
drwxr-xr-x. 4 root     root        33 Feb  6 17:20 aws
drwxr-xr-x. 9 ec2-user ec2-user 16384 Jan  5 08:28 tomcat
[root@tomcat-server opt]# cd /local/webapps/
-bash: cd: /local/webapps/: No such file or directory
[root@tomcat-server opt]# cd /tomcat/webapps/
-bash: cd: /tomcat/webapps/: No such file or directory
[root@tomcat-server opt]# cd /tomcat/webproject/
-bash: cd: /tomcat/webproject/: No such file or directory
[root@tomcat-server opt]# cd /opt/tomcat/
[root@tomcat-server tomcat]# ls
BUILDING.txt  CONTRIBUTING.md  LICENSE  NOTICE  README.md  RELEASE-NOTES  RUNNING.txt  bin  conf  lib  logs  temp  webapps  work
[root@tomcat-server tomcat]# ls -l
total 192
-rw-r--r--. 1 root root 20899 Jan  5 08:28 BUILDING.txt
-rw-r--r--. 1 root root  6375 Jan  5 08:28 CONTRIBUTING.md
-rw-r--r--. 1 root root 58153 Jan  5 08:28 LICENSE
-rw-r--r--. 1 root root  2401 Jan  5 08:28 NOTICE
-rw-r--r--. 1 root root  3479 Jan  5 08:28 README.md
-rw-r--r--. 1 root root  7075 Jan  5 08:28 RELEASE-NOTES
-rw-r--r--. 1 root root 16982 Jan  5 08:28 RUNNING.txt
drwxr-xr-x. 2 root root 16384 Jan  5 08:28 bin
drwxr-xr-x. 3 root root 16384 Feb 15 04:42 conf
drwxr-xr-x. 2 root root 16384 Jan  5 08:28 lib
drwxr-xr-x. 2 root root 16384 Feb 16 05:07 logs
drwxr-xr-x. 2 root root    30 Jan  5 08:28 temp
drwxr-xr-x. 8 root root   133 Feb 16 05:55 webapps
drwxr-xr-x. 3 root root    22 Feb 15 04:42 work
[root@tomcat-server tomcat]# cd webapps
[root@tomcat-server webapps]# ls -l
total 36
drwxr-xr-x.  3 root root 16384 Jan  5 08:28 ROOT
drwxr-xr-x. 16 root root 16384 Jan  5 08:28 docs
drwxr-xr-x.  7 root root    99 Jan  5 08:28 examples
drwxr-xr-x.  6 root root    79 Jan  5 08:28 host-manager
drwxr-xr-x.  6 root root   114 Jan  5 08:28 manager
drwxr-x---.  4 root root    54 Feb 16 05:55 tomcat-eve-19-06
-rw-r-----.  1 root root  2154 Feb 16 05:55 tomcat-eve-19-06.war
[root@tomcat-server webapps]# date
Fri Feb 16 06:10:34 UTC 2024
[root@tomcat-server webapps]#

Docker Installation:
k8s-masterclass/K8s-Installation/eksctl_aws/eksctl at main • vikas99341/k8s-masterclass • GitHub
Kubernetes Installation:
GitHub - vikas99341/node-js
k8s-masterclass/K8s-Installation/kops_aws/kops at main • vikas99341/k8s-masterclass • GitHub
k8s-masterclass/K8s-Installation/minikube_ubuntu/Install Minikube on AWS Ubuntu.docx at main • vikas99341/k8s-masterclass • GitHub
Terraform Folder:
TERRAFORM EVENING - Google Drive
Jenkins, Docker, Kubernetes with AWS ELB, kops Multi-Tier Applications Deployment - +1 437 215 2483 - YouTube
DevSecOps with Jenkins | Boost Your CICD Pipeline Security !! - YouTube
DevOps Project , Application deployment on App server via Terraform, Jenkins, SonarQube . - YouTube
Real-Time CI CD Pipeline Project | CI CD Pipeline | Jenkins CI CD Pipeline - YouTube
Real Time DevOps Project | Deploy to Kubernetes Using Jenkins | End to End DevOps Project | CICD - YouTube
JENKINS END TO END CICD Implementation with Detailed Notes | BEST CICD PROJECT - YouTube
Jenkins CI CD Pipeline Tutorial Using Terraform,Docker,SonarQube,Trivy and Kubernetes | DevOps | AWS - YouTube
Ultra RealTime End to End CI/CD Project | Docker | Jenkins | Nexus | SonarQube | datree | Helm | K8s - YouTube
Why DevOps Engineers Use Python ? | Python For DevOps | #abhishekveeramalla #python #devops - YouTube
How I use Python as DevOps Engineer | Python for Devops - YouTube
Real Time DevOps Project | Deploy to Kubernetes Using Jenkins | End to End DevOps Project | CICD (youtube.com)
What is Platform Engineering and how it fits into DevOps and Cloud world (youtube.com)
What does it take to become a Platform Engineer? (youtube.com)
Platform engineering: Best practices in “Vendor engineering”
AWS re:Invent 2023 - Platform engineering with Amazon EKS (CON311) - YouTube
Learn more about AWS re:Invent at https://go.aws/46iuzGv. Subscribe: More AWS videos: http://bit.ly/2O3zS75 More AWS events videos: http://bit.ly/316g9t4
Best practises in infrastructure platform engineering | PlatformCon 2024 (youtube.com)
Master Platform Engineering: Architecting Scalable and Resilient Systems | BRK209 (youtube.com)
Build a Minimum Viable Platform (MVP) in four phases - YouTube
AWS re:Invent 2023 - How to build a platform that developers love (DOP219) - YouTube
JENKINS END TO END CICD Implementation with Detailed Notes | BEST CICD PROJECT - YouTube
Day-19 | Jenkins ZERO to HERO | 3 Projects Live |Docker Agent |Interview Questions | #k8s #gitops (youtube.com)
Day-1 | Fundamentals of DevOps | Free DevOps Course | 45 days | #devopscourse #2023 #learning - YouTube
